E: ./tests/err_underflow_loop.cc:1:6: Stack underflow. `do` requires at least 1 value(s) on the stack.
