2
> Stack Dump:
[0] 1
[1] 2
< End Stack Dump.
> Stack Dump:
[0] 2
[1] 1
< End Stack Dump.
> Stack Dump:
< End Stack Dump.
> Stack Dump:
[0] 1
< End Stack Dump.
> Stack Dump:
[0] 1
[1] 2
< End Stack Dump.
> Stack Dump:
[0] 1
[1] 2
[2] 1
[3] 2
< End Stack Dump.
